


~~~~~~~~~~~~~~~~~~~~~~~~~~~~~~~~~~~~~~~~~~~~~~~~~~~~~~~~~~~~~~~~~~~~~~~~~~~~~~~~~~~~~~~~~~~~~~~~~~~~~~~~~~~~~~~~~~~~~~~~~~~~~~~~~~~~~~~~~~~~~~~~~~~~~~~~~~~~~~~~~~~~~~~~~~~~~~~~~~
Module : work.pixel_mng(rtl_pixel_mng){generic map (reset_polarity_g => 0 vsync_polarity_g => 1 screen_hor_pix_g => 800 hor_pixels_g => 640 ver_lines_g => 480 req_lines_g => 1)}
~~~~~~~~~~~~~~~~~~~~~~~~~~~~~~~~~~~~~~~~~~~~~~~~~~~~~~~~~~~~~~~~~~~~~~~~~~~~~~~~~~~~~~~~~~~~~~~~~~~~~~~~~~~~~~~~~~~~~~~~~~~~~~~~~~~~~~~~~~~~~~~~~~~~~~~~~~~~~~~~~~~~~~~~~~~~~~~~~~
Number of FSMs Extracted : 1

1.
--------------------------------------------------
Number of States                : 6
Primary State Variable          : cur_st[5:0]
Async set/reset state(s)        : 000001 
Re-encoding Scheme              : ONEHOT 
FSM: Info, state encoding table:
FSM:	Index	                         State Name	                            Literal	                      Encoding
FSM:	    0	                        wbm_idle_st	                             000001	                        000001
FSM:	    1	                     wbm_init_rx_st	                             000010	                        000010
FSM:	    2	                          wbm_rx_st	                             000100	                        000100
FSM:	    3	                         end_cyc_st	                             001000	                        001000
FSM:	    4	                      restart_rd_st	                             010000	                        010000
FSM:	    5	                    restart_wack_st	                             100000	                        100000



